Archive member included to satisfy reference by file (symbol)

c:/program files (x86)/atmel/studio/7.0/toolchain/avr8/avr8-gnu-toolchain/bin/../lib/gcc/avr/5.4.0/../../../../avr/lib/avr5\libm.a(addsf3.o)
                              3_APP/APP.o (__subsf3)
c:/program files (x86)/atmel/studio/7.0/toolchain/avr8/avr8-gnu-toolchain/bin/../lib/gcc/avr/5.4.0/../../../../avr/lib/avr5\libm.a(addsf3x.o)
                              c:/program files (x86)/atmel/studio/7.0/toolchain/avr8/avr8-gnu-toolchain/bin/../lib/gcc/avr/5.4.0/../../../../avr/lib/avr5\libm.a(addsf3.o) (__addsf3x)
c:/program files (x86)/atmel/studio/7.0/toolchain/avr8/avr8-gnu-toolchain/bin/../lib/gcc/avr/5.4.0/../../../../avr/lib/avr5\libm.a(cmpsf2.o)
                              3_APP/APP.o (__ltsf2)
c:/program files (x86)/atmel/studio/7.0/toolchain/avr8/avr8-gnu-toolchain/bin/../lib/gcc/avr/5.4.0/../../../../avr/lib/avr5\libm.a(divsf3.o)
                              3_APP/APP.o (__divsf3)
c:/program files (x86)/atmel/studio/7.0/toolchain/avr8/avr8-gnu-toolchain/bin/../lib/gcc/avr/5.4.0/../../../../avr/lib/avr5\libm.a(divsf3x.o)
                              c:/program files (x86)/atmel/studio/7.0/toolchain/avr8/avr8-gnu-toolchain/bin/../lib/gcc/avr/5.4.0/../../../../avr/lib/avr5\libm.a(divsf3.o) (__divsf3x)
c:/program files (x86)/atmel/studio/7.0/toolchain/avr8/avr8-gnu-toolchain/bin/../lib/gcc/avr/5.4.0/../../../../avr/lib/avr5\libm.a(fixsfsi.o)
                              3_APP/APP.o (__fixsfsi)
c:/program files (x86)/atmel/studio/7.0/toolchain/avr8/avr8-gnu-toolchain/bin/../lib/gcc/avr/5.4.0/../../../../avr/lib/avr5\libm.a(fixunssfsi.o)
                              c:/program files (x86)/atmel/studio/7.0/toolchain/avr8/avr8-gnu-toolchain/bin/../lib/gcc/avr/5.4.0/../../../../avr/lib/avr5\libm.a(fixsfsi.o) (__fixunssfsi)
c:/program files (x86)/atmel/studio/7.0/toolchain/avr8/avr8-gnu-toolchain/bin/../lib/gcc/avr/5.4.0/../../../../avr/lib/avr5\libm.a(floatsisf.o)
                              3_APP/APP.o (__floatsisf)
c:/program files (x86)/atmel/studio/7.0/toolchain/avr8/avr8-gnu-toolchain/bin/../lib/gcc/avr/5.4.0/../../../../avr/lib/avr5\libm.a(fp_cmp.o)
                              c:/program files (x86)/atmel/studio/7.0/toolchain/avr8/avr8-gnu-toolchain/bin/../lib/gcc/avr/5.4.0/../../../../avr/lib/avr5\libm.a(cmpsf2.o) (__fp_cmp)
c:/program files (x86)/atmel/studio/7.0/toolchain/avr8/avr8-gnu-toolchain/bin/../lib/gcc/avr/5.4.0/../../../../avr/lib/avr5\libm.a(fp_inf.o)
                              c:/program files (x86)/atmel/studio/7.0/toolchain/avr8/avr8-gnu-toolchain/bin/../lib/gcc/avr/5.4.0/../../../../avr/lib/avr5\libm.a(addsf3x.o) (__fp_inf)
c:/program files (x86)/atmel/studio/7.0/toolchain/avr8/avr8-gnu-toolchain/bin/../lib/gcc/avr/5.4.0/../../../../avr/lib/avr5\libm.a(fp_nan.o)
                              c:/program files (x86)/atmel/studio/7.0/toolchain/avr8/avr8-gnu-toolchain/bin/../lib/gcc/avr/5.4.0/../../../../avr/lib/avr5\libm.a(addsf3x.o) (__fp_nan)
c:/program files (x86)/atmel/studio/7.0/toolchain/avr8/avr8-gnu-toolchain/bin/../lib/gcc/avr/5.4.0/../../../../avr/lib/avr5\libm.a(fp_pscA.o)
                              c:/program files (x86)/atmel/studio/7.0/toolchain/avr8/avr8-gnu-toolchain/bin/../lib/gcc/avr/5.4.0/../../../../avr/lib/avr5\libm.a(addsf3x.o) (__fp_pscA)
c:/program files (x86)/atmel/studio/7.0/toolchain/avr8/avr8-gnu-toolchain/bin/../lib/gcc/avr/5.4.0/../../../../avr/lib/avr5\libm.a(fp_pscB.o)
                              c:/program files (x86)/atmel/studio/7.0/toolchain/avr8/avr8-gnu-toolchain/bin/../lib/gcc/avr/5.4.0/../../../../avr/lib/avr5\libm.a(addsf3x.o) (__fp_pscB)
c:/program files (x86)/atmel/studio/7.0/toolchain/avr8/avr8-gnu-toolchain/bin/../lib/gcc/avr/5.4.0/../../../../avr/lib/avr5\libm.a(fp_round.o)
                              c:/program files (x86)/atmel/studio/7.0/toolchain/avr8/avr8-gnu-toolchain/bin/../lib/gcc/avr/5.4.0/../../../../avr/lib/avr5\libm.a(addsf3.o) (__fp_round)
c:/program files (x86)/atmel/studio/7.0/toolchain/avr8/avr8-gnu-toolchain/bin/../lib/gcc/avr/5.4.0/../../../../avr/lib/avr5\libm.a(fp_split3.o)
                              c:/program files (x86)/atmel/studio/7.0/toolchain/avr8/avr8-gnu-toolchain/bin/../lib/gcc/avr/5.4.0/../../../../avr/lib/avr5\libm.a(addsf3x.o) (__fp_split3)
c:/program files (x86)/atmel/studio/7.0/toolchain/avr8/avr8-gnu-toolchain/bin/../lib/gcc/avr/5.4.0/../../../../avr/lib/avr5\libm.a(fp_zero.o)
                              c:/program files (x86)/atmel/studio/7.0/toolchain/avr8/avr8-gnu-toolchain/bin/../lib/gcc/avr/5.4.0/../../../../avr/lib/avr5\libm.a(addsf3x.o) (__fp_zero)
c:/program files (x86)/atmel/studio/7.0/toolchain/avr8/avr8-gnu-toolchain/bin/../lib/gcc/avr/5.4.0/../../../../avr/lib/avr5\libm.a(mulsf3.o)
                              3_APP/APP.o (__mulsf3)
c:/program files (x86)/atmel/studio/7.0/toolchain/avr8/avr8-gnu-toolchain/bin/../lib/gcc/avr/5.4.0/../../../../avr/lib/avr5\libm.a(mulsf3x.o)
[...]
Memory Configuration

Name             Origin             Length             Attributes
text             0x00000000         0x00008000         xr
data             0x00800060         0x00000800         rw !x
eeprom           0x00810000         0x00000400         rw !x
fuse             0x00820000         0x00000002         rw !x
lock             0x00830000         0x00000400         rw !x
signature        0x00840000         0x00000400         rw !x
user_signatures  0x00850000         0x00000400         rw !x
*default*        0x00000000         0xffffffff

Linker script and memory map

LOAD C:/Program Files (x86)/Atmel/Studio/7.0/Packs/atmel/ATmega_DFP/1.7.374/gcc/dev/atmega32/avr5/crtatmega32.o
LOAD 1_MCAL/DIO/DIO_PROGRAM.o
LOAD 1_MCAL/EXTI/EXTI_PROGRAME.o
LOAD 2_HAL/KEYPAD/KEYPAD_PROGRAME.o
LOAD 2_HAL/LCD/LCD_PROGRAME.o
LOAD 3_APP/APP.o
LOAD 3_APP/main.o
LOAD 5_SERVICE/STACK/Stack.o
START GROUP
LOAD c:/program files (x86)/atmel/studio/7.0/toolchain/avr8/avr8-gnu-toolchain/bin/../lib/gcc/avr/5.4.0/../../../../avr/lib/avr5\libm.a
END GROUP
START GROUP
LOAD c:/program files (x86)/atmel/studio/7.0/toolchain/avr8/avr8-gnu-toolchain/bin/../lib/gcc/avr/5.4.0/avr5\libgcc.a
LOAD c:/program files (x86)/atmel/studio/7.0/toolchain/avr8/avr8-gnu-toolchain/bin/../lib/gcc/avr/5.4.0/../../../../avr/lib/avr5\libm.a
LOAD c:/program files (x86)/atmel/studio/7.0/toolchain/avr8/avr8-gnu-toolchain/bin/../lib/gcc/avr/5.4.0/../../../../avr/lib/avr5\libc.a
LOAD C:/Program Files (x86)/Atmel/Studio/7.0/Packs/atmel/ATmega_DFP/1.7.374/gcc/dev/atmega32/avr5\libatmega32.a
END GROUP
                0x00000000                __TEXT_REGION_ORIGIN__ = DEFINED (__TEXT_REGION_ORIGIN__)?__TEXT_REGION_ORIGIN__:0x0
                [0x00800060]                __DATA_REGION_ORIGIN__ = DEFINED (__DATA_REGION_ORIGIN__)?__DATA_REGION_ORIGIN__:0x800060
                [0x00008000]                __TEXT_REGION_LENGTH__ = DEFINED (__TEXT_REGION_LENGTH__)?__TEXT_REGION_LENGTH__:0x20000
                [0x00000800]                __DATA_REGION_LENGTH__ = DEFINED (__DATA_REGION_LENGTH__)?__DATA_REGION_LENGTH__:0xffa0
                [0x00000400]                __EEPROM_REGION_LENGTH__ = DEFINED (__EEPROM_REGION_LENGTH__)?__EEPROM_REGION_LENGTH__:0x10000
                [0x00000002]                __FUSE_REGION_LENGTH__ = DEFINED (__FUSE_REGION_LENGTH__)?__FUSE_REGION_LENGTH__:0x400
                0x00000400                __LOCK_REGION_LENGTH__ = DEFINED (__LOCK_REGION_LENGTH__)?__LOCK_REGION_LENGTH__:0x400
                0x00000400                __SIGNATURE_REGION_LENGTH__ = DEFINED (__SIGNATURE_REGION_LENGTH__)?__SIGNATURE_REGION_LENGTH__:0x400
                0x00000400                __USER_SIGNATURE_REGION_LENGTH__ = DEFINED (__USER_SIGNATURE_REGION_LENGTH__)?__USER_SIGNATURE_REGION_LENGTH__:0x400

.hash
 *(.hash)

.dynsym
 *(.dynsym)

.dynstr
 *(.dynstr)

.gnu.version
 *(.gnu.version)

.gnu.version_d
 *(.gnu.version_d)

.gnu.version_r
 *(.gnu.version_r)

.rel.init
 *(.rel.init)

.rela.init
 *(.rela.init)

.rel.text
 *(.rel.text)
 *(.rel.text.*)
 *(.rel.gnu.linkonce.t*)

.rela.text
 *(.rela.text)
 *(.rela.text.*)
 *(.rela.gnu.linkonce.t*)

.rel.fini
 *(.rel.fini)

.rela.fini
 *(.rela.fini)

.rel.rodata
 *(.rel.rodata)
 *(.rel.rodata.*)
 *(.rel.gnu.linkonce.r*)

.rela.rodata
 *(.rela.rodata)
 *(.rela.rodata.*)
 *(.rela.gnu.linkonce.r*)

.rel.data
 *(.rel.data)
 *(.rel.data.*)
 *(.rel.gnu.linkonce.d*)

.rela.data
 *(.rela.data)
 *(.rela.data.*)
 *(.rela.gnu.linkonce.d*)

.rel.ctors
 *(.rel.ctors)

.rela.ctors
 *(.rela.ctors)

.rel.dtors
 *(.rel.dtors)

.rela.dtors
 *(.rela.dtors)

.rel.got
 *(.rel.got)

.rela.got
 *(.rela.got)

.rel.bss
 *(.rel.bss)

.rela.bss
 *(.rela.bss)

.rel.plt
 *(.rel.plt)

.rela.plt
 *(.rela.plt)

.text           0x00000000     0x3cd0
 *(.vectors)
 .vectors       0x00000000       0x54 C:/Program Files (x86)/Atmel/Studio/7.0/Packs/atmel/ATmega_DFP/1.7.374/gcc/dev/atmega32/avr5/crtatmega32.o
                0x00000000                __vector_default
                0x00000000                __vectors
 *(.vectors)
 *(.progmem.gcc*)
 .progmem.gcc_sw_table.hex_to_binary
                0x00000054       0x2e 3_APP/APP.o
 .progmem.gcc_fplib
                0x00000082       0x28 c:/program files (x86)/atmel/studio/7.0/toolchain/avr8/avr8-gnu-toolchain/bin/../lib/gcc/avr/5.4.0/../../../../avr/lib/avr5\libm.a(exp.o)
 .progmem.gcc_fplib
                0x000000aa       0x5a c:/program files (x86)/atmel/studio/7.0/toolchain/avr8/avr8-gnu-toolchain/bin/../lib/gcc/avr/5.4.0/../../../../avr/lib/avr5\libm.a(log.o)
                0x00000104                . = ALIGN (0x2)
                0x00000104                __trampolines_start = .
 *(.trampolines)
 .trampolines   0x00000104        0x0 linker stubs
 *(.trampolines*)
                0x00000104                __trampolines_end = .
 *libprintf_flt.a:*(.progmem.data)
 *libc.a:*(.progmem.data)
 .progmem.data  0x00000104       0x3b c:/program files (x86)/atmel/studio/7.0/toolchain/avr8/avr8-gnu-toolchain/bin/../lib/gcc/avr/5.4.0/../../../../avr/lib/avr5\libc.a(strtod.o)
 *(.progmem*)
                0x00000140                . = ALIGN (0x2)
 *fill*         0x0000013f        0x1 
 *(.jumptables)
 *(.jumptables*)
 *(.lowtext)
 *(.lowtext*)
                0x00000140                __ctors_start = .
 *(.ctors)
                0x00000140                __ctors_end = .
                0x00000140                __dtors_start = .
 *(.dtors)
                0x00000140                __dtors_end = .
 SORT(*)(.ctors)
 SORT(*)(.dtors)
 *(.init0)
 .init0         0x00000140        0x0 C:/Program Files (x86)/Atmel/Studio/7.0/Packs/atmel/ATmega_DFP/1.7.374/gcc/dev/atmega32/avr5/crtatmega32.o
                0x00000140                __init
 *(.init0)
 *(.init1)
 *(.init1)
 *(.init2)
 .init2         0x00000140        0xc C:/Program Files (x86)/Atmel/Studio/7.0/Packs/atmel/ATmega_DFP/1.7.374/gcc/dev/atmega32/avr5/crtatmega32.o
 *(.init2)
 *(.init3)
 *(.init3)
 *(.init4)
 .init4         0x0000014c       0x16 c:/program files (x86)/atmel/studio/7.0/toolchain/avr8/avr8-gnu-toolchain/bin/../lib/gcc/avr/5.4.0/avr5\libgcc.a(_copy_data.o)
                0x0000014c                __do_copy_data
 .init4         0x00000162       0x10 c:/program files (x86)/atmel/studio/7.0/toolchain/avr8/avr8-gnu-toolchain/bin/../lib/gcc/avr/5.4.0/avr5\libgcc.a(_clear_bss.o)
                0x00000162                __do_clear_bss
 *(.init4)
 *(.init5)
 *(.init5)
 *(.init6)
 *(.init6)
 *(.init7)
 *(.init7)
 *(.init8)
 *(.init8)
 *(.init9)
 .init9         0x00000172        0x8 C:/Program Files (x86)/Atmel/Studio/7.0/Packs/atmel/ATmega_DFP/1.7.374/gcc/dev/atmega32/avr5/crtatmega32.o
 *(.init9)
 *(.text)
 .text          0x0000017a        0x4 C:/Program Files (x86)/Atmel/Studio/7.0/Packs/atmel/ATmega_DFP/1.7.374/gcc/dev/atmega32/avr5/crtatmega32.o
                0x0000017a                __vector_12
                0x0000017a                __bad_interrupt
                0x0000017a                __vector_6
                0x0000017a                __vector_11
                0x0000017a                __vector_13
                0x0000017a                __vector_17
                0x0000017a                __vector_19
                0x0000017a                __vector_7
                0x0000017a                __vector_5
                0x0000017a                __vector_4
                0x0000017a                __vector_9
                0x0000017a                __vector_15
                0x0000017a                __vector_8
                0x0000017a                __vector_14
                0x0000017a                __vector_10
                0x0000017a                __vector_16
                0x0000017a                __vector_18
                0x0000017a                __vector_20
                0x0000017e                . = ALIGN (0x2)
 *(.text.*)
 .text.DIO_Enu_Init
                0x0000017e       0x1a 1_MCAL/DIO/DIO_PROGRAM.o
                0x0000017e                DIO_Enu_Init
 .text.DIO_Enu_SetPinDirection
                0x00000198       0xe4 1_MCAL/DIO/DIO_PROGRAM.o
                0x00000198                DIO_Enu_SetPinDirection
 .text.DIO_Enu_SetPinValue
                0x0000027c       0xe4 1_MCAL/DIO/DIO_PROGRAM.o
                0x0000027c                DIO_Enu_SetPinValue
 .text.DIO_Enu_GetPinValue
                0x00000360       0x8e 1_MCAL/DIO/DIO_PROGRAM.o
                0x00000360                DIO_Enu_GetPinValue
 .text.DIO_Enu_WriteHighNibbles
                0x000003ee       0x50 1_MCAL/DIO/DIO_PROGRAM.o
                0x000003ee                DIO_Enu_WriteHighNibbles
 .text.EXI_SetCallBack
                0x0000043e       0x2a 1_MCAL/EXTI/EXTI_PROGRAME.o
                0x0000043e                EXI_SetCallBack
 .text.EXI_Enable
                0x00000468       0x24 1_MCAL/EXTI/EXTI_PROGRAME.o
                0x00000468                EXI_Enable
 .text.EXI_TriggerEdge
                0x0000048c       0xc0 1_MCAL/EXTI/EXTI_PROGRAME.o
                0x0000048c                EXI_TriggerEdge
 .text.__vector_1
                0x0000054c       0x52 1_MCAL/EXTI/EXTI_PROGRAME.o
                0x0000054c                __vector_1
 .text.__vector_2
                0x0000059e       0x52 1_MCAL/EXTI/EXTI_PROGRAME.o
                0x0000059e                __vector_2
 .text.__vector_3
                0x000005f0       0x52 1_MCAL/EXTI/EXTI_PROGRAME.o
                0x000005f0                __vector_3
 .text.KPD_enu_Init
                0x00000642       0xcc 2_HAL/KEYPAD/KEYPAD_PROGRAME.o
                0x00000642                KPD_enu_Init
 .text.KPD_enu_GetPressed
                0x0000070e       0xf6 2_HAL/KEYPAD/KEYPAD_PROGRAME.o
                0x0000070e                KPD_enu_GetPressed
 .text.LCD_voidSendFallingEdge
                0x00000804       0x2e 2_HAL/LCD/LCD_PROGRAME.o
 .text.LCD_enuSendCommand
                0x00000832       0x46 2_HAL/LCD/LCD_PROGRAME.o
                0x00000832                LCD_enuSendCommand
 .text.LCD_enuSendData
                0x00000878       0x46 2_HAL/LCD/LCD_PROGRAME.o
                0x00000878                LCD_enuSendData
 .text.LCD_enuSendString
                0x000008be       0x28 2_HAL/LCD/LCD_PROGRAME.o
                0x000008be                LCD_enuSendString
 .text.LCD_enuSendNumber
                0x000008e6      0x24c 2_HAL/LCD/LCD_PROGRAME.o
                0x000008e6                LCD_enuSendNumber
 .text.LCD_enuSetPosition
                0x00000b32       0x44 2_HAL/LCD/LCD_PROGRAME.o
                0x00000b32                LCD_enuSetPosition
 .text.LCD_enuClearScreen
                0x00000b76       0x16 2_HAL/LCD/LCD_PROGRAME.o
                0x00000b76                LCD_enuClearScreen
 .text.LCD_enuInit
                0x00000b8c       0xa8 2_HAL/LCD/LCD_PROGRAME.o
                0x00000b8c                LCD_enuInit
 .text.display  0x00000c34       0x22 3_APP/APP.o
                0x00000c34                display
 .text.reverse  0x00000c56       0x2e 3_APP/APP.o
                0x00000c56                reverse
 .text.intToStr
                0x00000c84       0x5e 3_APP/APP.o
                0x00000c84                intToStr
 .text.ftoa     0x00000ce2       0xe8 3_APP/APP.o
                0x00000ce2                ftoa
 .text.Is_digit
                0x00000dca       0x10 3_APP/APP.o
                0x00000dca                Is_digit
 .text.Is_unery_operator
                0x00000dda       0x38 3_APP/APP.o
                0x00000dda                Is_unery_operator
 .text.Precedance_element1_is_grater
                0x00000e12       0x42 3_APP/APP.o
                0x00000e12                Precedance_element1_is_grater
 .text.Infix_To_Postfix
                0x00000e54      0x1c0 3_APP/APP.o
                0x00000e54                Infix_To_Postfix
 .text.DO_operation
                0x00001014       0x52 3_APP/APP.o
                0x00001014                DO_operation
 .text.Evaluate_Postfix
                0x00001066       0xd4 3_APP/APP.o
                0x00001066                Evaluate_Postfix
 .text.Mode1    0x0000113a      0x730 3_APP/APP.o
                0x0000113a                Mode1
 .text.decimal_to_decimal
                0x0000186a       0x86 3_APP/APP.o
                0x0000186a                decimal_to_decimal
 .text.decimal_to_binary
                0x000018f0      0x134 3_APP/APP.o
                0x000018f0                decimal_to_binary
 .text.decimal_to_HEX
                0x00001a24      0x154 3_APP/APP.o
                0x00001a24                decimal_to_HEX
 .text.binary_to_binary
                0x00001b78       0x94 3_APP/APP.o
                0x00001b78                binary_to_binary
 .text.binary_to_decimal
                0x00001c0c       0xfc 3_APP/APP.o
                0x00001c0c                binary_to_decimal
 .text.binary_to_HEX
                0x00001d08      0x17c 3_APP/APP.o
                0x00001d08                binary_to_HEX
 .text.HEX_to_HEX
                0x00001e84       0xec 3_APP/APP.o
                0x00001e84                HEX_to_HEX
 .text.HEX_to_decimal
                0x00001f70      0x1a8 3_APP/APP.o
                0x00001f70                HEX_to_decimal
 .text.hex_to_binary
                0x00002118      0x148 3_APP/APP.o
                0x00002118                hex_to_binary
 .text.HEX_to_binary
                0x00002260      0x158 3_APP/APP.o
                0x00002260                HEX_to_binary
 .text.Mode2    0x000023b8      0x12e 3_APP/APP.o
                0x000023b8                Mode2
 .text.Mode3    0x000024e6       0x3a 3_APP/APP.o
                0x000024e6                Mode3
 .text.FUN      0x00002520       0x40 3_APP/main.o
                0x00002520                FUN
 .text.main     0x00002560       0x8c 3_APP/main.o
                0x00002560                main
 .text.stack_init
                0x000025ec       0x10 5_SERVICE/STACK/Stack.o
                0x000025ec                stack_init
 .text.stack_full
                0x000025fc        0x4 5_SERVICE/STACK/Stack.o
                0x000025fc                stack_full
 .text.stack_empty
                0x00002600       0x26 5_SERVICE/STACK/Stack.o
                0x00002600                stack_empty
 .text.push_stack
                0x00002626       0x60 5_SERVICE/STACK/Stack.o
                0x00002626                push_stack
 .text.pop_stack
                0x00002686       0x62 5_SERVICE/STACK/Stack.o
                0x00002686                pop_stack
 .text.stack_top
                0x000026e8       0x38 5_SERVICE/STACK/Stack.o
                0x000026e8                stack_top
 .text.traverse_stack
                0x00002720       0x32 5_SERVICE/STACK/Stack.o
                0x00002720                traverse_stack
 .text.size_stack
                0x00002752        0xc 5_SERVICE/STACK/Stack.o
                0x00002752                size_stack
 .text.clear_stack
                0x0000275e       0x3c 5_SERVICE/STACK/Stack.o
                0x0000275e                clear_stack
 .text.avr-libc.fplib
                0x0000279a        0xe c:/program files (x86)/atmel/studio/7.0/toolchain/avr8/avr8-gnu-toolchain/bin/../lib/gcc/avr/5.4.0/../../../../avr/lib/avr5\libm.a(addsf3.o)
                0x0000279a                __subsf3
                0x0000279c                __addsf3
 .text.avr-libc.fplib
                0x000027a8       0xcc c:/program files (x86)/atmel/studio/7.0/toolchain/avr8/avr8-gnu-toolchain/bin/../lib/gcc/avr/5.4.0/../../../../avr/lib/avr5\libm.a(addsf3x.o)
                0x000027ca                __addsf3x
 .text.avr-libc.fplib
                0x00002874        0xa c:/program files (x86)/atmel/studio/7.0/toolchain/avr8/avr8-gnu-toolchain/bin/../lib/gcc/avr/5.4.0/../../../../avr/lib/avr5\libm.a(cmpsf2.o)
                0x00002874                __nesf2
                0x00002874                __eqsf2
                0x00002874                __cmpsf2
                0x00002874                __ltsf2
                0x00002874                __lesf2
 .text.avr-libc.fplib
                0x0000287e        0x8 c:/program files (x86)/atmel/studio/7.0/toolchain/avr8/avr8-gnu-toolchain/bin/../lib/gcc/avr/5.4.0/../../../../avr/lib/avr5\libm.a(divsf3.o)
                0x0000287e                __divsf3
 .text.avr-libc.fplib
                0x00002886       0xdc c:/program files (x86)/atmel/studio/7.0/toolchain/avr8/avr8-gnu-toolchain/bin/../lib/gcc/avr/5.4.0/../../../../avr/lib/avr5\libm.a(divsf3x.o)
                0x000028a6                __divsf3x
                0x000028ac                __divsf3_pse
 .text.avr-libc.fplib
                0x00002962        0xe c:/program files (x86)/atmel/studio/7.0/toolchain/avr8/avr8-gnu-toolchain/bin/../lib/gcc/avr/5.4.0/../../../../avr/lib/avr5\libm.a(fixsfsi.o)
                0x00002962                __fixsfsi
 .text.avr-libc.fplib
                0x00002970       0x5e c:/program files (x86)/atmel/studio/7.0/toolchain/avr8/avr8-gnu-toolchain/bin/../lib/gcc/avr/5.4.0/../../../../avr/lib/avr5\libm.a(fixunssfsi.o)
                0x00002970                __fixunssfsi
 .text.avr-libc.fplib
                0x000029ce       0x7a c:/program files (x86)/atmel/studio/7.0/toolchain/avr8/avr8-gnu-toolchain/bin/../lib/gcc/avr/5.4.0/../../../../avr/lib/avr5\libm.a(floatsisf.o)
                0x000029ce                __floatunsisf
                0x000029d2                __floatsisf
 .text.avr-libc.fplib
                0x00002a48       0x48 c:/program files (x86)/atmel/studio/7.0/toolchain/avr8/avr8-gnu-toolchain/bin/../lib/gcc/avr/5.4.0/../../../../avr/lib/avr5\libm.a(fp_cmp.o)
                0x00002a48                __fp_cmp
 .text.avr-libc.fplib
                0x00002a90        0xc c:/program files (x86)/atmel/studio/7.0/toolchain/avr8/avr8-gnu-toolchain/bin/../lib/gcc/avr/5.4.0/../../../../avr/lib/avr5\libm.a(fp_inf.o)
                0x00002a90                __fp_inf
 .text.avr-libc.fplib
                0x00002a9c        0x6 c:/program files (x86)/atmel/studio/7.0/toolchain/avr8/avr8-gnu-toolchain/bin/../lib/gcc/avr/5.4.0/../../../../avr/lib/avr5\libm.a(fp_nan.o)
                0x00002a9c                __fp_nan
 .text.avr-libc.fplib
                0x00002aa2        0xe c:/program files (x86)/atmel/studio/7.0/toolchain/avr8/avr8-gnu-toolchain/bin/../lib/gcc/avr/5.4.0/../../../../avr/lib/avr5\libm.a(fp_pscA.o)
                0x00002aa2                __fp_pscA
 .text.avr-libc.fplib
                0x00002ab0        0xe c:/program files (x86)/atmel/studio/7.0/toolchain/avr8/avr8-gnu-toolchain/bin/../lib/gcc/avr/5.4.0/../../../../avr/lib/avr5\libm.a(fp_pscB.o)
                0x00002ab0                __fp_pscB
 .text.avr-libc.fplib
                0x00002abe       0x22 c:/program files (x86)/atmel/studio/7.0/toolchain/avr8/avr8-gnu-toolchain/bin/../lib/gcc/avr/5.4.0/../../../../avr/lib/avr5\libm.a(fp_round.o)
                0x00002abe                __fp_round
 .text.avr-libc.fplib
                0x00002ae0       0x44 c:/program files (x86)/atmel/studio/7.0/toolchain/avr8/avr8-gnu-toolchain/bin/../lib/gcc/avr/5.4.0/../../../../avr/lib/avr5\libm.a(fp_split3.o)
                0x00002ae0                __fp_split3
                0x00002af0                __fp_splitA
 .text.avr-libc.fplib
                0x00002b24        0xe c:/program files (x86)/atmel/studio/7.0/toolchain/avr8/avr8-gnu-toolchain/bin/../lib/gcc/avr/5.4.0/../../../../avr/lib/avr5\libm.a(fp_zero.o)
                0x00002b24                __fp_zero
                0x00002b26                __fp_szero
 .text.avr-libc.fplib
                0x00002b32        0x8 c:/program files (x86)/atmel/studio/7.0/toolchain/avr8/avr8-gnu-toolchain/bin/../lib/gcc/avr/5.4.0/../../../../avr/lib/avr5\libm.a(mulsf3.o)
                0x00002b32                __mulsf3
 .text.avr-libc.fplib
                0x00002b3a       0xd2 c:/program files (x86)/atmel/studio/7.0/toolchain/avr8/avr8-gnu-toolchain/bin/../lib/gcc/avr/5.4.0/../../../../avr/lib/avr5\libm.a(mulsf3x.o)
                0x00002b58                __mulsf3x
                0x00002b5e                __mulsf3_pse
 .text.avr-libc.fplib
                0x00002c0c       0xa0 c:/program files (x86)/atmel/studio/7.0/toolchain/avr8/avr8-gnu-toolchain/bin/../lib/gcc/avr/5.4.0/../../../../avr/lib/avr5\libm.a(pow.o)
                0x00002c0c                pow
 .text.avr-libc.fplib
                0x00002cac       0x74 c:/program files (x86)/atmel/studio/7.0/toolchain/avr8/avr8-gnu-toolchain/bin/../lib/gcc/avr/5.4.0/../../../../avr/lib/avr5\libm.a(exp.o)
                0x00002cbc                exp
 .text.avr-libc.fplib
                0x00002d20       0x4e c:/program files (x86)/atmel/studio/7.0/toolchain/avr8/avr8-gnu-toolchain/bin/../lib/gcc/avr/5.4.0/../../../../avr/lib/avr5\libm.a(fp_powser.o)
                0x00002d20                __fp_powser
 .text.avr-libc.fplib
                0x00002d6e       0x10 c:/program files (x86)/atmel/studio/7.0/toolchain/avr8/avr8-gnu-toolchain/bin/../lib/gcc/avr/5.4.0/../../../../avr/lib/avr5\libm.a(inverse.o)
                0x00002d6e                inverse
 .text.avr-libc.fplib
                0x00002d7e       0x74 c:/program files (x86)/atmel/studio/7.0/toolchain/avr8/avr8-gnu-toolchain/bin/../lib/gcc/avr/5.4.0/../../../../avr/lib/avr5\libm.a(ldexp.o)
                0x00002d86                ldexp
 .text.avr-libc.fplib
                0x00002df2       0xa0 c:/program files (x86)/atmel/studio/7.0/toolchain/avr8/avr8-gnu-toolchain/bin/../lib/gcc/avr/5.4.0/../../../../avr/lib/avr5\libm.a(log.o)
                0x00002e02                log
 .text.avr-libc.fplib
                0x00002e92       0x68 c:/program files (x86)/atmel/studio/7.0/toolchain/avr8/avr8-gnu-toolchain/bin/../lib/gcc/avr/5.4.0/../../../../avr/lib/avr5\libm.a(modf.o)
                0x00002e92                modf
                0x00002e92                modff
 .text.avr-libc.fplib
                0x00002efa       0x1c c:/program files (x86)/atmel/studio/7.0/toolchain/avr8/avr8-gnu-toolchain/bin/../lib/gcc/avr/5.4.0/../../../../avr/lib/avr5\libm.a(fp_mpack.o)
                0x00002efa                __fp_mpack
                0x00002efe                __fp_mpack_finite
 .text.libgcc.div
                0x00002f16       0x28 c:/program files (x86)/atmel/studio/7.0/toolchain/avr8/avr8-gnu-toolchain/bin/../lib/gcc/avr/5.4.0/avr5\libgcc.a(_divmodhi4.o)
                0x00002f16                _div
                0x00002f16                __divmodhi4
 .text.libgcc   0x00002f3e        0xc c:/program files (x86)/atmel/studio/7.0/toolchain/avr8/avr8-gnu-toolchain/bin/../lib/gcc/avr/5.4.0/avr5\libgcc.a(_tablejump2.o)
                0x00002f3e                __tablejump2__
 .text.libgcc.div
                0x00002f4a       0x62 c:/program files (x86)/atmel/studio/7.0/toolchain/avr8/avr8-gnu-toolchain/bin/../lib/gcc/avr/5.4.0/avr5\libgcc.a(_divdi3.o)
                0x00002f4a                __moddi3
                0x00002f4e                __divdi3
                0x00002f50                __divdi3_moddi3
 .text.libgcc.div
                0x00002fac       0x1c c:/program files (x86)/atmel/studio/7.0/toolchain/avr8/avr8-gnu-toolchain/bin/../lib/gcc/avr/5.4.0/avr5\libgcc.a(_udivdi3.o)
                0x00002fac                __umoddi3
                0x00002fb0                __udivdi3
                0x00002fb2                __udivdi3_umoddi3
 .text.libgcc.div
                0x00002fc8       0xa2 c:/program files (x86)/atmel/studio/7.0/toolchain/avr8/avr8-gnu-toolchain/bin/../lib/gcc/avr/5.4.0/avr5\libgcc.a(_udivmod64.o)
                0x00002fc8                __udivmod64
 .text.libgcc   0x0000306a       0x20 c:/program files (x86)/atmel/studio/7.0/toolchain/avr8/avr8-gnu-toolchain/bin/../lib/gcc/avr/5.4.0/avr5\libgcc.a(_negdi2.o)
                0x0000306a                __negdi2
 .text.libgcc.prologue
                0x0000308a       0x38 c:/program files (x86)/atmel/studio/7.0/toolchain/avr8/avr8-gnu-toolchain/bin/../lib/gcc/avr/5.4.0/avr5\libgcc.a(_prologue.o)
                0x0000308a                __prologue_saves__
 .text.libgcc.prologue
                0x000030c2       0x36 c:/program files (x86)/atmel/studio/7.0/toolchain/avr8/avr8-gnu-toolchain/bin/../lib/gcc/avr/5.4.0/avr5\libgcc.a(_epilogue.o)
                0x000030c2                __epilogue_restores__
 .text.libgcc.builtins
                0x000030f8       0x32 c:/program files (x86)/atmel/studio/7.0/toolchain/avr8/avr8-gnu-toolchain/bin/../lib/gcc/avr/5.4.0/avr5\libgcc.a(_ashldi3.o)
                0x000030f8                __ashldi3
 .text.libgcc   0x0000312a       0x12 c:/program files (x86)/atmel/studio/7.0/toolchain/avr8/avr8-gnu-toolchain/bin/../lib/gcc/avr/5.4.0/avr5\libgcc.a(_adddi3.o)
                0x0000312a                __adddi3
 .text.libgcc   0x0000313c       0x18 c:/program files (x86)/atmel/studio/7.0/toolchain/avr8/avr8-gnu-toolchain/bin/../lib/gcc/avr/5.4.0/avr5\libgcc.a(_cmpdi2_s8.o)
                0x0000313c                __cmpdi2_s8
 .text.libgcc.div
                0x00003154       0x28 c:/program files (x86)/atmel/studio/7.0/toolchain/avr8/avr8-gnu-toolchain/bin/../lib/gcc/avr/5.4.0/avr5\libgcc.a(_udivmodhi4.o)
                0x00003154                __udivmodhi4
 .text.avr-libc
                0x0000317c      0x242 c:/program files (x86)/atmel/studio/7.0/toolchain/avr8/avr8-gnu-toolchain/bin/../lib/gcc/avr/5.4.0/../../../../avr/lib/avr5\libc.a(malloc.o)
                0x0000317c                malloc
                0x000032ac                free
 .text.avr-libc
                0x000033be        0x8 c:/program files (x86)/atmel/studio/7.0/toolchain/avr8/avr8-gnu-toolchain/bin/../lib/gcc/avr/5.4.0/../../../../avr/lib/avr5\libc.a(atof.o)
                0x000033be                atof
 .text.avr-libc
                0x000033c6       0x3c c:/program files (x86)/atmel/studio/7.0/toolchain/avr8/avr8-gnu-toolchain/bin/../lib/gcc/avr/5.4.0/../../../../avr/lib/avr5\libc.a(atoi.o)
                0x000033c6                atoi
 .text.avr-libc
                0x00003402       0x18 c:/program files (x86)/atmel/studio/7.0/toolchain/avr8/avr8-gnu-toolchain/bin/../lib/gcc/avr/5.4.0/../../../../avr/lib/avr5\libc.a(isxdigit.o)
                0x00003402                isxdigit
 .text.avr-libc
                0x0000341a       0x10 c:/program files (x86)/atmel/studio/7.0/toolchain/avr8/avr8-gnu-toolchain/bin/../lib/gcc/avr/5.4.0/../../../../avr/lib/avr5\libc.a(toupper.o)
                0x0000341a                toupper
 .text.avr-libc
                0x0000342a       0x16 c:/program files (x86)/atmel/studio/7.0/toolchain/avr8/avr8-gnu-toolchain/bin/../lib/gcc/avr/5.4.0/../../../../avr/lib/avr5\libc.a(strcat.o)
                0x0000342a                strcat
 .text.avr-libc
                0x00003440       0x16 c:/program files (x86)/atmel/studio/7.0/toolchain/avr8/avr8-gnu-toolchain/bin/../lib/gcc/avr/5.4.0/../../../../avr/lib/avr5\libc.a(strchr.o)
                0x00003440                strchr
 .text.avr-libc
                0x00003456       0x10 c:/program files (x86)/atmel/studio/7.0/toolchain/avr8/avr8-gnu-toolchain/bin/../lib/gcc/avr/5.4.0/../../../../avr/lib/avr5\libc.a(mul10.o)
                0x00003456                __mulhi_const_10
 .text.avr-libc
                0x00003466       0x2c c:/program files (x86)/atmel/studio/7.0/toolchain/avr8/avr8-gnu-toolchain/bin/../lib/gcc/avr/5.4.0/../../../../avr/lib/avr5\libc.a(printf.o)
                0x00003466                printf
 .text.avr-libc
                0x00003492      0x3c2 c:/program files (x86)/atmel/studio/7.0/toolchain/avr8/avr8-gnu-toolchain/bin/../lib/gcc/avr/5.4.0/../../../../avr/lib/avr5\libc.a(vfprintf_std.o)
                0x00003492                vfprintf
 .text.avr-libc
                0x00003854      0x29c c:/program files (x86)/atmel/studio/7.0/toolchain/avr8/avr8-gnu-toolchain/bin/../lib/gcc/avr/5.4.0/../../../../avr/lib/avr5\libc.a(strtod.o)
                0x00003854                strtod
 .text.avr-libc
                0x00003af0        0x6 c:/program files (x86)/atmel/studio/7.0/toolchain/avr8/avr8-gnu-toolchain/bin/../lib/gcc/avr/5.4.0/../../../../avr/lib/avr5\libc.a(cty_isfalse.o)
                0x00003af0                __ctype_isfalse
                0x00003af4                __ctype_istrue
 .text.avr-libc
                0x00003af6       0x12 c:/program files (x86)/atmel/studio/7.0/toolchain/avr8/avr8-gnu-toolchain/bin/../lib/gcc/avr/5.4.0/../../../../avr/lib/avr5\libc.a(isspace.o)
                0x00003af6                isspace
 .text.avr-libc
                0x00003b08       0x30 c:/program files (x86)/atmel/studio/7.0/toolchain/avr8/avr8-gnu-toolchain/bin/../lib/gcc/avr/5.4.0/../../../../avr/lib/avr5\libc.a(strncasecmp_P.o)
                0x00003b08                strncasecmp_P
 .text.avr-libc
                0x00003b38       0x16 c:/program files (x86)/atmel/studio/7.0/toolchain/avr8/avr8-gnu-toolchain/bin/../lib/gcc/avr/5.4.0/../../../../avr/lib/avr5\libc.a(strnlen_P.o)
                0x00003b38                strnlen_P
 .text.avr-libc
                0x00003b4e       0x16 c:/program files (x86)/atmel/studio/7.0/toolchain/avr8/avr8-gnu-toolchain/bin/../lib/gcc/avr/5.4.0/../../../../avr/lib/avr5\libc.a(strnlen.o)
                0x00003b4e                strnlen
 .text.avr-libc
                0x00003b64       0x78 c:/program files (x86)/atmel/studio/7.0/toolchain/avr8/avr8-gnu-toolchain/bin/../lib/gcc/avr/5.4.0/../../../../avr/lib/avr5\libc.a(fputc.o)
                0x00003b64                fputc
 .text.avr-libc
                0x00003bdc       0xbc c:/program files (x86)/atmel/studio/7.0/toolchain/avr8/avr8-gnu-toolchain/bin/../lib/gcc/avr/5.4.0/../../../../avr/lib/avr5\libc.a(ultoa_invert.o)
                0x00003bdc                __ultoa_invert
 .text.libgcc.mul
                0x00003c98       0x16 c:/program files (x86)/atmel/studio/7.0/toolchain/avr8/avr8-gnu-toolchain/bin/../lib/gcc/avr/5.4.0/avr5\libgcc.a(_muluhisi3.o)
                0x00003c98                __muluhisi3
 .text.libgcc.mul
                0x00003cae       0x1e c:/program files (x86)/atmel/studio/7.0/toolchain/avr8/avr8-gnu-toolchain/bin/../lib/gcc/avr/5.4.0/avr5\libgcc.a(_umulhisi3.o)
                0x00003cae                __umulhisi3
                0x00003ccc                . = ALIGN (0x2)
 *(.fini9)
 .fini9         0x00003ccc        0x0 c:/program files (x86)/atmel/studio/7.0/toolchain/avr8/avr8-gnu-toolchain/bin/../lib/gcc/avr/5.4.0/avr5\libgcc.a(_exit.o)
                0x00003ccc                _exit
                0x00003ccc                exit
 *(.fini9)
 *(.fini8)
 *(.fini8)
 *(.fini7)
 *(.fini7)
 *(.fini6)
 *(.fini6)
 *(.fini5)
 *(.fini5)
 *(.fini4)
 *(.fini4)
 *(.fini3)
 *(.fini3)
 *(.fini2)
 *(.fini2)
 *(.fini1)
 *(.fini1)
 *(.fini0)
 .fini0         0x00003ccc        0x4 c:/program files (x86)/atmel/studio/7.0/toolchain/avr8/avr8-gnu-toolchain/bin/../lib/gcc/avr/5.4.0/avr5\libgcc.a(_exit.o)
 *(.fini0)
                0x00003cd0                _etext = .

.data           0x00800060      0x16e load address 0x00003cd0
                0x00800060                PROVIDE (__data_start, .)
 *(.data)
 .data          0x00800060        0x6 c:/program files (x86)/atmel/studio/7.0/toolchain/avr8/avr8-gnu-toolchain/bin/../lib/gcc/avr/5.4.0/../../../../avr/lib/avr5\libc.a(malloc.o)
                0x00800060                __malloc_heap_end
                0x00800062                __malloc_heap_start
                0x00800064                __malloc_margin
 *(.data*)
 .data.LOC_u8PinState
                0x00800066        0x1 3_APP/main.o
                0x00800066                LOC_u8PinState
 *(.gnu.linkonce.d*)
 *(.rodata)
 *(.rodata*)
 .rodata.LOC_u8KPDRowArr.1799
                0x00800067        0x4 2_HAL/KEYPAD/KEYPAD_PROGRAME.o
 .rodata.LOC_u8KPDColumnArr.1800
                0x0080006b        0x6 2_HAL/KEYPAD/KEYPAD_PROGRAME.o
 .rodata.KPD_u8Buttons
                0x00800071       0x18 2_HAL/KEYPAD/KEYPAD_PROGRAME.o
 .rodata.str1.1
                0x00800089      0x120 3_APP/APP.o
 .rodata.str1.1
                0x008001a9       0x24 3_APP/main.o
 *(.gnu.linkonce.r*)
                0x008001ce                . = ALIGN (0x2)
 *fill*         0x008001cd        0x1 
                0x008001ce                _edata = .
                0x008001ce                PROVIDE (__data_end, .)

.bss            0x008001ce       0x25
                0x008001ce                PROVIDE (__bss_start, .)
 *(.bss)
 *(.bss*)
 .bss.INT2_Fptr
                0x008001ce        0x2 1_MCAL/EXTI/EXTI_PROGRAME.o
 .bss.INT1_Fptr
                0x008001d0        0x2 1_MCAL/EXTI/EXTI_PROGRAME.o
 .bss.INT0_Fptr
                0x008001d2        0x2 1_MCAL/EXTI/EXTI_PROGRAME.o
 .bss.flag1     0x008001d4        0x1 3_APP/APP.o
                0x008001d4                flag1
 .bss.Mode      0x008001d5        0x1 3_APP/main.o
                0x008001d5                Mode
 *(COMMON)
 COMMON         0x008001d6       0x10 3_APP/APP.o
                0x008001d6                array_num
 COMMON         0x008001e6        0x1 3_APP/main.o
                0x008001e6                pressed_key
 COMMON         0x008001e7        0x4 c:/program files (x86)/atmel/studio/7.0/toolchain/avr8/avr8-gnu-toolchain/bin/../lib/gcc/avr/5.4.0/../../../../avr/lib/avr5\libc.a(malloc.o)
                0x008001e7                __brkval
                0x008001e9                __flp
 COMMON         0x008001eb        0x6 c:/program files (x86)/atmel/studio/7.0/toolchain/avr8/avr8-gnu-toolchain/bin/../lib/gcc/avr/5.4.0/../../../../avr/lib/avr5\libc.a(iob.o)
                0x008001eb                __iob
 COMMON         0x008001f1        0x2 c:/program files (x86)/atmel/studio/7.0/toolchain/avr8/avr8-gnu-toolchain/bin/../lib/gcc/avr/5.4.0/../../../../avr/lib/avr5\libc.a(errno.o)
                0x008001f1                errno
                0x008001f3                PROVIDE (__bss_end, .)
                0x00003cd0                __data_load_start = LOADADDR (.data)
                0x00003e3e                __data_load_end = (__data_load_start + SIZEOF (.data))

.noinit         0x008001f3        0x0
                [!provide]                PROVIDE (__noinit_start, .)
 *(.noinit*)
                [!provide]                PROVIDE (__noinit_end, .)
                0x008001f3                _end = .
                0x008001f3                PROVIDE (__heap_start, .)

.eeprom         0x00810000        0x0
 *(.eeprom*)
                0x00810000                __eeprom_end = .

.fuse
 *(.fuse)
 *(.lfuse)
 *(.hfuse)
 *(.efuse)

.lock
 *(.lock*)

.signature
 *(.signature*)

.user_signatures
 *(.user_signatures*)

.stab
 *(.stab)

.stabstr
 *(.stabstr)

.stab.excl
 *(.stab.excl)

.stab.exclstr
 *(.stab.exclstr)

.stab.index
 *(.stab.index)

.stab.indexstr
 *(.stab.indexstr)

.comment        0x00000000       0x5c
 *(.comment)
 .comment       0x00000000       0x30 1_MCAL/DIO/DIO_PROGRAM.o
                                 0x31 (size before relaxing)
 .comment       0x00000030       0x31 1_MCAL/EXTI/EXTI_PROGRAME.o
 .comment       0x00000030       0x31 2_HAL/KEYPAD/KEYPAD_PROGRAME.o
 .comment       0x00000030       0x31 2_HAL/LCD/LCD_PROGRAME.o
 .comment       0x00000030       0x31 3_APP/APP.o
 .comment       0x00000030       0x31 3_APP/main.o
 .comment       0x00000030       0x31 5_SERVICE/STACK/Stack.o
 .comment       0x00000030       0x31 c:/program files (x86)/atmel/studio/7.0/toolchain/avr8/avr8-gnu-toolchain/bin/../lib/gcc/avr/5.4.0/../../../../avr/lib/avr5\libc.a(malloc.o)
 .comment       0x00000030       0x31 c:/program files (x86)/atmel/studio/7.0/toolchain/avr8/avr8-gnu-toolchain/bin/../lib/gcc/avr/5.4.0/../../../../avr/lib/avr5\libc.a(printf.o)
 .comment       0x00000030       0x2c c:/program files (x86)/atmel/studio/7.0/toolchain/avr8/avr8-gnu-toolchain/bin/../lib/gcc/avr/5.4.0/../../../../avr/lib/avr5\libc.a(vfprintf_std.o)
                                 0x2d (size before relaxing)
 .comment       0x0000005c       0x31 c:/program files (x86)/atmel/studio/7.0/toolchain/avr8/avr8-gnu-toolchain/bin/../lib/gcc/avr/5.4.0/../../../../avr/lib/avr5\libc.a(strtod.o)
 .comment       0x0000005c       0x31 c:/program files (x86)/atmel/studio/7.0/toolchain/avr8/avr8-gnu-toolchain/bin/../lib/gcc/avr/5.4.0/../../../../avr/lib/avr5\libc.a(fputc.o)
 .comment       0x0000005c       0x31 c:/program files (x86)/atmel/studio/7.0/toolchain/avr8/avr8-gnu-toolchain/bin/../lib/gcc/avr/5.4.0/../../../../avr/lib/avr5\libc.a(iob.o)
 .comment       0x0000005c       0x2d c:/program files (x86)/atmel/studio/7.0/toolchain/avr8/avr8-gnu-toolchain/bin/../lib/gcc/avr/5.4.0/../../../../avr/lib/avr5\libc.a(errno.o)

.note.gnu.avr.deviceinfo
                0x00000000       0x3c
 .note.gnu.avr.deviceinfo
                0x00000000       0x3c C:/Program Files (x86)/Atmel/Studio/7.0/Packs/atmel/ATmega_DFP/1.7.374/gcc/dev/atmega32/avr5/crtatmega32.o

.note.gnu.build-id
 *(.note.gnu.build-id)

.debug
 *(.debug)

.line
 *(.line)

.debug_srcinfo
 *(.debug_srcinfo)

.debug_sfnames
 *(.debug_sfnames)

.debug_aranges  0x00000000      0x2a0
 *(.debug_aranges)
 .debug_aranges
                0x00000000       0x70 1_MCAL/DIO/DIO_PROGRAM.o
 .debug_aranges
                0x00000070       0x50 1_MCAL/EXTI/EXTI_PROGRAME.o
 .debug_aranges
                0x000000c0       0x28 2_HAL/KEYPAD/KEYPAD_PROGRAME.o
 .debug_aranges
                0x000000e8       0x60 2_HAL/LCD/LCD_PROGRAME.o
 .debug_aranges
                0x00000148       0xd0 3_APP/APP.o
 .debug_aranges
                0x00000218       0x28 3_APP/main.o
 .debug_aranges
                0x00000240       0x60 5_SERVICE/STACK/Stack.o

.debug_pubnames
 *(.debug_pubnames)

.debug_info     0x00000000     0x438b
 *(.debug_info .gnu.linkonce.wi.*)
 .debug_info    0x00000000      0x4e6 C:/Program Files (x86)/Atmel/Studio/7.0/Packs/atmel/ATmega_DFP/1.7.374/gcc/dev/atmega32/avr5/crtatmega32.o
 .debug_info    0x000004e6      0x410 1_MCAL/DIO/DIO_PROGRAM.o
 .debug_info    0x000008f6      0x223 1_MCAL/EXTI/EXTI_PROGRAME.o
 .debug_info    0x00000b19      0x4f9 2_HAL/KEYPAD/KEYPAD_PROGRAME.o
 .debug_info    0x00001012      0x941 2_HAL/LCD/LCD_PROGRAME.o
 .debug_info    0x00001953     0x22dd 3_APP/APP.o
 .debug_info    0x00003c30      0x337 3_APP/main.o
 .debug_info    0x00003f67      0x424 5_SERVICE/STACK/Stack.o

.debug_abbrev   0x00000000      0xf34
 *(.debug_abbrev)
 .debug_abbrev  0x00000000      0x4a3 C:/Program Files (x86)/Atmel/Studio/7.0/Packs/atmel/ATmega_DFP/1.7.374/gcc/dev/atmega32/avr5/crtatmega32.o
 .debug_abbrev  0x000004a3      0x10f 1_MCAL/DIO/DIO_PROGRAM.o
 .debug_abbrev  0x000005b2       0xbc 1_MCAL/EXTI/EXTI_PROGRAME.o
 .debug_abbrev  0x0000066e      0x12a 2_HAL/KEYPAD/KEYPAD_PROGRAME.o
 .debug_abbrev  0x00000798      0x200 2_HAL/LCD/LCD_PROGRAME.o
 .debug_abbrev  0x00000998      0x32f 3_APP/APP.o
 .debug_abbrev  0x00000cc7       0xe3 3_APP/main.o
 .debug_abbrev  0x00000daa      0x18a 5_SERVICE/STACK/Stack.o

.debug_line     0x00000000     0x2a5c
 *(.debug_line .debug_line.* .debug_line_end)
 .debug_line    0x00000000      0x116 C:/Program Files (x86)/Atmel/Studio/7.0/Packs/atmel/ATmega_DFP/1.7.374/gcc/dev/atmega32/avr5/crtatmega32.o
 .debug_line    0x00000116      0x61e 1_MCAL/DIO/DIO_PROGRAM.o
 .debug_line    0x00000734      0x255 1_MCAL/EXTI/EXTI_PROGRAME.o
 .debug_line    0x00000989      0x1f1 2_HAL/KEYPAD/KEYPAD_PROGRAME.o
 .debug_line    0x00000b7a      0x461 2_HAL/LCD/LCD_PROGRAME.o
 .debug_line    0x00000fdb     0x1636 3_APP/APP.o
 .debug_line    0x00002611      0x1d9 3_APP/main.o
 .debug_line    0x000027ea      0x272 5_SERVICE/STACK/Stack.o

.debug_frame    0x00000000      0x944
 *(.debug_frame)
 .debug_frame   0x00000000       0xc4 1_MCAL/DIO/DIO_PROGRAM.o
 .debug_frame   0x000000c4      0x15c 1_MCAL/EXTI/EXTI_PROGRAME.o
 .debug_frame   0x00000220       0x64 2_HAL/KEYPAD/KEYPAD_PROGRAME.o
 .debug_frame   0x00000284      0x134 2_HAL/LCD/LCD_PROGRAME.o
 .debug_frame   0x000003b8      0x44c 3_APP/APP.o
 .debug_frame   0x00000804       0x34 3_APP/main.o
 .debug_frame   0x00000838      0x10c 5_SERVICE/STACK/Stack.o

.debug_str      0x00000000      0xb4b
 *(.debug_str)
 .debug_str     0x00000000      0x196 C:/Program Files (x86)/Atmel/Studio/7.0/Packs/atmel/ATmega_DFP/1.7.374/gcc/dev/atmega32/avr5/crtatmega32.o
 .debug_str     0x00000196      0x2dd 1_MCAL/DIO/DIO_PROGRAM.o
                                0x30b (size before relaxing)
 .debug_str     0x00000473      0x11c 1_MCAL/EXTI/EXTI_PROGRAME.o
                                0x293 (size before relaxing)
 .debug_str     0x0000058f       0xac 2_HAL/KEYPAD/KEYPAD_PROGRAME.o
                                0x2d1 (size before relaxing)
 .debug_str     0x0000063b      0x191 2_HAL/LCD/LCD_PROGRAME.o
                                0x3b6 (size before relaxing)
 .debug_str     0x000007cc      0x328 3_APP/APP.o
                                0x58d (size before relaxing)
 .debug_str     0x00000af4       0x1a 3_APP/main.o
                                0x2c2 (size before relaxing)
 .debug_str     0x00000b0e       0x3d 5_SERVICE/STACK/Stack.o
                                0x273 (size before relaxing)

.debug_loc      0x00000000     0x3894
 *(.debug_loc)
 .debug_loc     0x00000000      0x9b8 1_MCAL/DIO/DIO_PROGRAM.o
 .debug_loc     0x000009b8      0x422 1_MCAL/EXTI/EXTI_PROGRAME.o
 .debug_loc     0x00000dda      0x134 2_HAL/KEYPAD/KEYPAD_PROGRAME.o
 .debug_loc     0x00000f0e      0xa9d 2_HAL/LCD/LCD_PROGRAME.o
 .debug_loc     0x000019ab     0x1a9c 3_APP/APP.o
 .debug_loc     0x00003447      0x44d 5_SERVICE/STACK/Stack.o

.debug_macinfo
 *(.debug_macinfo)

.debug_weaknames
 *(.debug_weaknames)

.debug_funcnames
 *(.debug_funcnames)

.debug_typenames
 *(.debug_typenames)

.debug_varnames
 *(.debug_varnames)

.debug_pubtypes
 *(.debug_pubtypes)

.debug_ranges   0x00000000      0x290
 *(.debug_ranges)
 .debug_ranges  0x00000000       0x60 1_MCAL/DIO/DIO_PROGRAM.o
 .debug_ranges  0x00000060       0x40 1_MCAL/EXTI/EXTI_PROGRAME.o
 .debug_ranges  0x000000a0       0x18 2_HAL/KEYPAD/KEYPAD_PROGRAME.o
 .debug_ranges  0x000000b8       0x50 2_HAL/LCD/LCD_PROGRAME.o
 .debug_ranges  0x00000108      0x120 3_APP/APP.o
 .debug_ranges  0x00000228       0x18 3_APP/main.o
 .debug_ranges  0x00000240       0x50 5_SERVICE/STACK/Stack.o

.debug_macro
 *(.debug_macro)
OUTPUT(App.elf elf32-avr)
LOAD linker stubs
